
> vite-homepage@0.0.0 check
> npm run lint && npm run test:unit && npm run build -- --outDir .check-dist.local


> vite-homepage@0.0.0 lint
> eslint . --max-warnings 0


> vite-homepage@0.0.0 test:unit
> node --test tests/unit/*.test.js

✔ catalog IDs, navigation, local assets and translations form a valid content contract (2.5657ms)
✔ all baseline external destinations survive the content migration (0.4064ms)
✔ missing Chinese copy falls back to English rather than showing a translation key (4.8908ms)
✔ shared GLTF resources and bitmaps are released once across scene roots (1.4424ms)
✔ only supported stored locales override the browser preference (0.5687ms)
✔ blocked storage reads and writes do not block language selection (0.5365ms)
✔ public assets resolve at root and project base independently of the active route (0.668ms)
✔ motion and data preferences override hardware; missing hints are conservative (0.459ms)
✔ sustained poor frames degrade only after warmup and reset on pause (0.5212ms)
✔ healthy frames do not degrade (0.0954ms)
ℹ tests 10
ℹ suites 0
ℹ pass 10
ℹ fail 0
ℹ cancelled 0
ℹ skipped 0
ℹ todo 0
ℹ duration_ms 1513.3557

> vite-homepage@0.0.0 build
> vite build --outDir .check-dist.local

vite v8.3.0 building client environment for production...
transforming...
✓ 111 modules transformed.
rendering chunks...
computing gzip size...
.check-dist.local/404.html                               0.67 kB │ gzip:   0.34 kB
.check-dist.local/about/index.html                       1.26 kB │ gzip:   0.45 kB
.check-dist.local/index.html                             1.27 kB │ gzip:   0.45 kB
.check-dist.local/works/gcs/index.html                   1.47 kB │ gzip:   0.48 kB
.check-dist.local/works/index.html                       1.56 kB │ gzip:   0.49 kB
.check-dist.local/projects/index.html                    1.66 kB │ gzip:   0.51 kB
.check-dist.local/assets/logo_kaiwu-BQnj14wb.png        19.18 kB
.check-dist.local/assets/About-Yh_O3PFy.css              0.06 kB │ gzip:   0.08 kB
.check-dist.local/assets/NotFound-DpA3nMcy.css           0.07 kB │ gzip:   0.09 kB
.check-dist.local/assets/ResponsiveImage-BB3VFDTq.css    0.08 kB │ gzip:   0.07 kB
.check-dist.local/assets/LanguageSwitch-BTHtYS6j.css     0.29 kB │ gzip:   0.21 kB
.check-dist.local/assets/ContactLinks-tO6iFRXZ.css       0.34 kB │ gzip:   0.21 kB
.check-dist.local/assets/ProjectDetail-cBAYy5HN.css      0.50 kB │ gzip:   0.26 kB
.check-dist.local/assets/TagList-CFxuE7aq.css            0.52 kB │ gzip:   0.28 kB
.check-dist.local/assets/Projects-CGmMJGT4.css           1.52 kB │ gzip:   0.59 kB
.check-dist.local/assets/ProjectCard-DuO8T6cC.css        1.75 kB │ gzip:   0.67 kB
.check-dist.local/assets/SiteLayout-DmBM75aQ.css         1.93 kB │ gzip:   0.72 kB
.check-dist.local/assets/index-B7HaWui4.css              2.05 kB │ gzip:   0.89 kB
.check-dist.local/assets/Home-BDxiaYGC.css               2.53 kB │ gzip:   0.88 kB
.check-dist.local/assets/TagList-CkwkKGED.js             0.48 kB │ gzip:   0.34 kB
.check-dist.local/assets/About-D_unWbdt.js               0.53 kB │ gzip:   0.37 kB
.check-dist.local/assets/NotFound-DoBiDHiC.js            0.55 kB │ gzip:   0.38 kB
.check-dist.local/assets/Works-DshYUVAg.js               0.62 kB │ gzip:   0.42 kB
.check-dist.local/assets/LanguageSwitch-Cw4qCMLn.js      0.71 kB │ gzip:   0.45 kB
.check-dist.local/assets/SiteLayout-eYfg6KYJ.js          1.09 kB │ gzip:   0.61 kB
.check-dist.local/assets/ProjectCard-PyhncBtv.js         1.68 kB │ gzip:   0.87 kB
.check-dist.local/assets/Projects-D2kNy5hz.js            1.70 kB │ gzip:   0.88 kB
.check-dist.local/assets/ProjectDetail-B9HtFjb0.js       2.24 kB │ gzip:   1.17 kB
.check-dist.local/assets/Home-D6W0uj8G.js                4.96 kB │ gzip:   2.32 kB
.check-dist.local/assets/ResponsiveImage-BaXFwpN9.js     5.80 kB │ gzip:   1.47 kB
.check-dist.local/assets/ContactLinks-Bux6f8Eu.js       14.91 kB │ gzip:  10.89 kB
.check-dist.local/assets/index-Cy8cHqb8.js             165.53 kB │ gzip:  60.97 kB
.check-dist.local/assets/home-64qdquze.js              527.93 kB │ gzip: 134.88 kB

✓ built in 309ms
[plugin builtin:vite-reporter] 
(!) Some chunks are larger than 500 kB after minification. Consider:
- Using dynamic import() to code-split the application
- Use build.rolldownOptions.output.codeSplitting to improve chunking: https://rolldown.rs/reference/OutputOptions.codeSplitting
- Adjust chunk size limit for this warning via build.chunkSizeWarningLimit.
